// Vitest Snapshot v1, https://vitest.dev/guide/snapshot.html

exports[`Skills 页面 DOM 快照 > 默认状态匹配快照 1`] = `
<div>
  <div
    class="relative z-10 animate-fade-in"
    data-testid="skills-page"
  >
    <div
      class="mb-8"
      data-testid="skills-header"
    >
      <div
        class="flex items-center gap-3 mb-2"
      >
        <div
          class="relative"
        >
          <svg
            class="lucide lucide-sparkles text-[var(--color-primary)]"
            fill="none"
            height="24"
            stroke="currentColor"
            stroke-linecap="round"
            stroke-linejoin="round"
            stroke-width="2"
            viewBox="0 0 24 24"
            width="24"
            xmlns="http://www.w3.org/2000/svg"
          >
            <path
              d="m12 3-1.912 5.813a2 2 0 0 1-1.275 1.275L3 12l5.813 1.912a2 2 0 0 1 1.275 1.275L12 21l1.912-5.813a2 2 0 0 1 1.275-1.275L21 12l-5.813-1.912a2 2 0 0 1-1.275-1.275L12 3Z"
            />
            <path
              d="M5 3v4"
            />
            <path
              d="M19 17v4"
            />
            <path
              d="M3 5h4"
            />
            <path
              d="M17 19h4"
            />
          </svg>
          <div
            class="absolute inset-0 text-[var(--color-primary)] blur-lg animate-pulse"
          >
            <svg
              class="lucide lucide-sparkles "
              fill="none"
              height="24"
              stroke="currentColor"
              stroke-linecap="round"
              stroke-linejoin="round"
              stroke-width="2"
              viewBox="0 0 24 24"
              width="24"
              xmlns="http://www.w3.org/2000/svg"
            >
              <path
                d="m12 3-1.912 5.813a2 2 0 0 1-1.275 1.275L3 12l5.813 1.912a2 2 0 0 1 1.275 1.275L12 21l1.912-5.813a2 2 0 0 1 1.275-1.275L21 12l-5.813-1.912a2 2 0 0 1-1.275-1.275L12 3Z"
              />
              <path
                d="M5 3v4"
              />
              <path
                d="M19 17v4"
              />
              <path
                d="M3 5h4"
              />
              <path
                d="M17 19h4"
              />
            </svg>
          </div>
        </div>
        <h2
          class="text-3xl font-bold font-mono tracking-tight"
        >
          <span
            class="gradient-text"
          >
            Skills
          </span>
        </h2>
      </div>
      <p
        class="text-[var(--color-text-muted)] font-mono text-sm"
      >
        Manage your linked and installed skills
      </p>
    </div>
    <div
      class="flex items-center gap-6 mb-6 px-4 py-3 rounded-xl bg-white/[0.02] border border-[var(--color-border)]"
      data-testid="skills-stats"
    >
      <div
        class="flex items-center gap-2"
        data-testid="skills-stats-total"
      >
        <svg
          class="lucide lucide-package text-[var(--color-primary)]"
          fill="none"
          height="16"
          stroke="currentColor"
          stroke-linecap="round"
          stroke-linejoin="round"
          stroke-width="2"
          viewBox="0 0 24 24"
          width="16"
          xmlns="http://www.w3.org/2000/svg"
        >
          <path
            d="m7.5 4.27 9 5.15"
          />
          <path
            d="M21 8a2 2 0 0 0-1-1.73l-7-4a2 2 0 0 0-2 0l-7 4A2 2 0 0 0 3 8v8a2 2 0 0 0 1 1.73l7 4a2 2 0 0 0 2 0l7-4A2 2 0 0 0 21 16Z"
          />
          <path
            d="m3.3 7 8.7 5 8.7-5"
          />
          <path
            d="M12 22V12"
          />
        </svg>
        <span
          class="text-sm font-mono text-[var(--color-text-muted)]"
        >
          <span
            class="text-[var(--color-text)]"
          >
            0
          </span>
           skills linked
        </span>
      </div>
      <div
        class="h-4 w-px bg-[var(--color-border)]"
      />
      <div
        class="flex items-center gap-2"
        data-testid="skills-stats-installed"
      >
        <div
          class="w-2 h-2 rounded-full bg-[var(--color-primary)] animate-pulse"
        />
        <span
          class="text-sm font-mono text-[var(--color-text-muted)]"
        >
          <span
            class="text-[var(--color-primary)]"
          >
            0
          </span>
           installed
        </span>
      </div>
    </div>
    <div
      data-testid="skills-list"
    >
      <div
        class="mb-6"
        data-testid="skills-search-wrapper"
      >
        <div
          class="relative group"
        >
          <svg
            class="lucide lucide-search absolute left-4 top-1/2 -translate-y-1/2 text-[var(--color-text-muted)] group-focus-within:text-[var(--color-primary)] transition-colors"
            fill="none"
            height="18"
            stroke="currentColor"
            stroke-linecap="round"
            stroke-linejoin="round"
            stroke-width="2"
            viewBox="0 0 24 24"
            width="18"
            xmlns="http://www.w3.org/2000/svg"
          >
            <circle
              cx="11"
              cy="11"
              r="8"
            />
            <path
              d="m21 21-4.3-4.3"
            />
          </svg>
          <input
            class="w-full pl-11 pr-4 py-3 rounded-xl bg-white/[0.02] border border-[var(--color-border)]
                       text-[var(--color-text)] placeholder:text-[var(--color-text-muted)]
                       font-mono text-sm focus:outline-none focus:border-[var(--color-primary)]/50
                       focus:bg-white/[0.03] transition-all duration-300"
            data-testid="skills-search-input"
            placeholder="Search skills..."
            type="text"
            value=""
          />
          <div
            class="absolute inset-0 rounded-xl opacity-0 group-focus-within:opacity-100 transition-opacity pointer-events-none"
          >
            <div
              class="absolute inset-0 rounded-xl bg-[var(--color-primary)]/5 blur-xl"
            />
          </div>
        </div>
      </div>
      <div
        class="grid grid-cols-1 lg:grid-cols-2 gap-4"
        data-testid="skills-grid"
      />
      <div
        class="flex flex-col items-center justify-center py-16 text-center"
        data-testid="skills-empty-state"
      >
        <div
          class="w-16 h-16 rounded-2xl bg-white/[0.02] border border-[var(--color-border)] flex items-center justify-center mb-4"
        >
          <svg
            class="lucide lucide-package text-[var(--color-text-muted)]"
            fill="none"
            height="28"
            stroke="currentColor"
            stroke-linecap="round"
            stroke-linejoin="round"
            stroke-width="2"
            viewBox="0 0 24 24"
            width="28"
            xmlns="http://www.w3.org/2000/svg"
          >
            <path
              d="m7.5 4.27 9 5.15"
            />
            <path
              d="M21 8a2 2 0 0 0-1-1.73l-7-4a2 2 0 0 0-2 0l-7 4A2 2 0 0 0 3 8v8a2 2 0 0 0 1 1.73l7 4a2 2 0 0 0 2 0l7-4A2 2 0 0 0 21 16Z"
            />
            <path
              d="m3.3 7 8.7 5 8.7-5"
            />
            <path
              d="M12 22V12"
            />
          </svg>
        </div>
        <p
          class="text-[var(--color-text-muted)] font-mono text-sm"
        >
          No skills found
        </p>
        <p
          class="text-[var(--color-text-muted)]/60 font-mono text-xs mt-1"
        >
          Try linking one first with 
          <code
            class="text-[var(--color-primary)]"
          >
            j-skills link
          </code>
        </p>
      </div>
    </div>
  </div>
</div>
`;
